TXN10001, PENDING, NONE
TXN10002, FAILED, ERR_TIMEOUT
TXN10003, SUCCESS, NONE
TXN10004, SUCCESS, NONE
TXN10005, FAILED, ERR_CONN_DROP
TXN10006, SUCCESS, NONE
TXN10007, PENDING, NONE
TXN10008, SUCCESS, NONE
TXN10009, PENDING, NONE
TXN10010, FAILED, ERR_TIMEOUT
TXN10011, SUCCESS, NONE
TXN10012, SUCCESS, NONE
TXN10013, PENDING, NONE
TXN10014, PENDING, NONE
TXN10015, PENDING, NONE
TXN10016, SUCCESS, NONE
TXN10017, SUCCESS, NONE
TXN10018, SUCCESS, NONE
TXN10019, SUCCESS, NONE
TXN10020, SUCCESS, NONE
TXN10021, SUCCESS, NONE
TXN10022, SUCCESS, NONE
TXN10023, SUCCESS, NONE
TXN10024, SUCCESS, NONE
TXN10025, SUCCESS, NONE
TXN10026, FAILED, ERR_CONN_DROP
TXN10027, PENDING, NONE
TXN10028, PENDING, NONE
TXN10029, PENDING, NONE
TXN10030, PENDING, NONE
TXN10031, PENDING, NONE
TXN10032, FAILED, ERR_INSUFFICIENT_FUNDS
TXN10033, PENDING, NONE
TXN10034, PENDING, NONE
TXN10035, FAILED, ERR_INSUFFICIENT_FUNDS
TXN10036, SUCCESS, NONE
TXN10037, SUCCESS, NONE
TXN10038, SUCCESS, NONE
TXN10039, SUCCESS, NONE
TXN10040, FAILED, ERR_TIMEOUT
TXN10041, SUCCESS, NONE
TXN10042, SUCCESS, NONE
TXN10043, PENDING, NONE
TXN10044, FAILED, ERR_INSUFFICIENT_FUNDS
TXN10045, SUCCESS, NONE
TXN10046, SUCCESS, NONE
TXN10047, SUCCESS, NONE
TXN10048, FAILED, ERR_CONN_DROP
TXN10049, PENDING, NONE
TXN10050, FAILED, ERR_CONN_DROP
TXN10051, SUCCESS, NONE
TXN10052, PENDING, NONE
TXN10053, SUCCESS, NONE
TXN10054, FAILED, ERR_INSUFFICIENT_FUNDS
TXN10055, SUCCESS, NONE
TXN10056, SUCCESS, NONE
TXN10057, PENDING, NONE
TXN10058, SUCCESS, NONE
TXN10059, SUCCESS, NONE
TXN10060, PENDING, NONE
TXN10061, SUCCESS, NONE
TXN10062, SUCCESS, NONE
TXN10063, SUCCESS, NONE
TXN10064, SUCCESS, NONE
TXN10065, PENDING, NONE
TXN10066, FAILED, ERR_INSUFFICIENT_FUNDS
TXN10067, SUCCESS, NONE
TXN10068, SUCCESS, NONE
TXN10069, SUCCESS, NONE
